hadoop@cloudlab31-HP-280-G2-MT-Legacy:~$ javac -version
javac 1.8.0_382
hadoop@cloudlab31-HP-280-G2-MT-Legacy:~$ hadoop version
Hadoop 3.3.2
Source code repository git@github.com:apache/hadoop.git -r 0bcb014209e219273cb6fd4152df7df713cbac61
Compiled by chao on 2022-02-21T18:39Z
Compiled with protoc 3.7.1
From source with checksum 4b40fff8bb27201ba07b6fa5651217fb
This command was run using /home/hadoop/hadoop/share/hadoop/common/hadoop-common-3.3.2.jar
hadoop@cloudlab31-HP-280-G2-MT-Legacy:~$ export HADOOP_CLASSPATH=$(hadoop classpath)
hadoop@cloudlab31-HP-280-G2-MT-Legacy:~$ echo $HADOOP_CLASSPATH
/home/hadoop/hadoop/etc/hadoop:/home/hadoop/hadoop/share/hadoop/common/lib/*:/home/hadoop/hadoop/share/hadoop/common/*:/home/hadoop/hadoop/share/hadoop/hdfs:/home/hadoop/hadoop/share/hadoop/hdfs/lib/*:/home/hadoop/hadoop/share/hadoop/hdfs/*:/home/hadoop/hadoop/share/hadoop/mapreduce/*:/home/hadoop/hadoop/share/hadoop/yarn:/home/hadoop/hadoop/share/hadoop/yarn/lib/*:/home/hadoop/hadoop/share/hadoop/yarn/*
hadoop@cloudlab31-HP-280-G2-MT-Legacy:~$ haddop fs -mkdir /Matrix
haddop: command not found
hadoop@cloudlab31-HP-280-G2-MT-Legacy:~$ hadoop fs -mkdir /Matrix
hadoop@cloudlab31-HP-280-G2-MT-Legacy:~$ hadoop fs -mkdir /Matrix/Input
hadoop@cloudlab31-HP-280-G2-MT-Legacy:~$ hadoop fs -put '/home/hadoop/Desktop/Matrix/input/M.txt' '/home/hadoop/Desktop/Matrix/input/N.txt' /Matrix/Input
hadoop@cloudlab31-HP-280-G2-MT-Legacy:~$ cd /home/hadoop/Matrix
bash: cd: /home/hadoop/Matrix: No such file or directory
hadoop@cloudlab31-HP-280-G2-MT-Legacy:~$ cd /home/hadoop/Desktop/Matrix
hadoop@cloudlab31-HP-280-G2-MT-Legacy:~/Desktop/Matrix$ javac -classpath ${HADOOP_CLASSPATH} -d '/home/hadoop/Desktop/Matrix/tutorial_classes2' '/home/hadoop/Desktop/Matrix/MatrixMultiply.java' '/home/hadoop/Desktop/Matrix/Map.java' '/home/hadoop/Desktop/Matrix/Reduce.java' 
hadoop@cloudlab31-HP-280-G2-MT-Legacy:~/Desktop/Matrix$ jar -cvf firstMatrix.jar -C '/home/hadoop/Desktop/Matrix/tutorial_classes2' 
Usage: jar {ctxui}[vfmn0PMe] [jar-file] [manifest-file] [entry-point] [-C dir] files ...
Options:
    -c  create new archive
    -t  list table of contents for archive
    -x  extract named (or all) files from archive
    -u  update existing archive
    -v  generate verbose output on standard output
    -f  specify archive file name
    -m  include manifest information from specified manifest file
    -n  perform Pack200 normalization after creating a new archive
    -e  specify application entry point for stand-alone application 
        bundled into an executable jar file
    -0  store only; use no ZIP compression
    -P  preserve leading '/' (absolute path) and ".." (parent directory) components from file names
    -M  do not create a manifest file for the entries
    -i  generate index information for the specified jar files
    -C  change to the specified directory and include the following file
If any file is a directory then it is processed recursively.
The manifest file name, the archive file name and the entry point name are
specified in the same order as the 'm', 'f' and 'e' flags.

Example 1: to archive two class files into an archive called classes.jar: 
       jar cvf classes.jar Foo.class Bar.class 
Example 2: use an existing manifest file 'mymanifest' and archive all the
           files in the foo/ directory into 'classes.jar': 
       jar cvfm classes.jar mymanifest -C foo/ .

hadoop@cloudlab31-HP-280-G2-MT-Legacy:~/Desktop/Matrix$ jar -cvf firstMatrix.jar -C '/home/hadoop/Desktop/Matrix/tutorial_classes2' 
Usage: jar {ctxui}[vfmn0PMe] [jar-file] [manifest-file] [entry-point] [-C dir] files ...
Options:
    -c  create new archive
    -t  list table of contents for archive
    -x  extract named (or all) files from archive
    -u  update existing archive
    -v  generate verbose output on standard output
    -f  specify archive file name
    -m  include manifest information from specified manifest file
    -n  perform Pack200 normalization after creating a new archive
    -e  specify application entry point for stand-alone application 
        bundled into an executable jar file
    -0  store only; use no ZIP compression
    -P  preserve leading '/' (absolute path) and ".." (parent directory) components from file names
    -M  do not create a manifest file for the entries
    -i  generate index information for the specified jar files
    -C  change to the specified directory and include the following file
If any file is a directory then it is processed recursively.
The manifest file name, the archive file name and the entry point name are
specified in the same order as the 'm', 'f' and 'e' flags.

Example 1: to archive two class files into an archive called classes.jar: 
       jar cvf classes.jar Foo.class Bar.class 
Example 2: use an existing manifest file 'mymanifest' and archive all the
           files in the foo/ directory into 'classes.jar': 
       jar cvfm classes.jar mymanifest -C foo/ .

hadoop@cloudlab31-HP-280-G2-MT-Legacy:~/Desktop/Matrix$ jar -cvf firstMatrix.jar -C tutorial_classes2/ .
added manifest
adding: matrix_multiplication/(in = 0) (out= 0)(stored 0%)
adding: matrix_multiplication/MatrixMultiply.class(in = 1814) (out= 928)(deflated 48%)
adding: matrix_multiplication/Map.class(in = 2351) (out= 995)(deflated 57%)
adding: matrix_multiplication/Reduce.class(in = 2905) (out= 1260)(deflated 56%)
hadoop@cloudlab31-HP-280-G2-MT-Legacy:~/Desktop/Matrix$ hadoop jar '/home/hadoop/Desktop/Matrix/firstMatrix.jar' com.mapreduce.wc/MatrixMultiply /input/* /output
Exception in thread "main" java.lang.ClassNotFoundException: com.mapreduce.wc.MatrixMultiply
	at java.net.URLClassLoader.findClass(URLClassLoader.java:387)
	at java.lang.ClassLoader.loadClass(ClassLoader.java:418)
	at java.lang.ClassLoader.loadClass(ClassLoader.java:351)
	at java.lang.Class.forName0(Native Method)
	at java.lang.Class.forName(Class.java:348)
	at org.apache.hadoop.util.RunJar.run(RunJar.java:316)
	at org.apache.hadoop.util.RunJar.main(RunJar.java:236)
hadoop@cloudlab31-HP-280-G2-MT-Legacy:~/Desktop/Matrix$ hadoop jar '/home/hadoop/Desktop/Matrix/firstMatrix.jar' matrix_multiplication/MatrixMultiply /input/* /output
2023-10-10 12:42:54,964 INFO impl.MetricsConfig: Loaded properties from hadoop-metrics2.properties
2023-10-10 12:42:55,021 INFO impl.MetricsSystemImpl: Scheduled Metric snapshot period at 10 second(s).
2023-10-10 12:42:55,021 INFO impl.MetricsSystemImpl: JobTracker metrics system started
2023-10-10 12:42:55,147 WARN mapreduce.JobResourceUploader: Hadoop command-line option parsing not performed. Implement the Tool interface and execute your application with ToolRunner to remedy this.
2023-10-10 12:42:55,200 INFO mapreduce.JobSubmitter: Cleaning up the staging area file:/tmp/hadoop/mapred/staging/hadoop986386104/.staging/job_local986386104_0001
Exception in thread "main" org.apache.hadoop.mapreduce.lib.input.InvalidInputException: Input Pattern hdfs://localhost:9000/input/* matches 0 files
	at org.apache.hadoop.mapreduce.lib.input.FileInputFormat.singleThreadedListStatus(FileInputFormat.java:340)
	at org.apache.hadoop.mapreduce.lib.input.FileInputFormat.listStatus(FileInputFormat.java:279)
	at org.apache.hadoop.mapreduce.lib.input.FileInputFormat.getSplits(FileInputFormat.java:404)
	at org.apache.hadoop.mapreduce.JobSubmitter.writeNewSplits(JobSubmitter.java:310)
	at org.apache.hadoop.mapreduce.JobSubmitter.writeSplits(JobSubmitter.java:327)
	at org.apache.hadoop.mapreduce.JobSubmitter.submitJobInternal(JobSubmitter.java:200)
	at org.apache.hadoop.mapreduce.Job$11.run(Job.java:1571)
	at org.apache.hadoop.mapreduce.Job$11.run(Job.java:1568)
	at java.security.AccessController.doPrivileged(Native Method)
	at javax.security.auth.Subject.doAs(Subject.java:422)
	at org.apache.hadoop.security.UserGroupInformation.doAs(UserGroupInformation.java:1878)
	at org.apache.hadoop.mapreduce.Job.submit(Job.java:1568)
	at org.apache.hadoop.mapreduce.Job.waitForCompletion(Job.java:1589)
	at matrix_multiplication.MatrixMultiply.main(MatrixMultiply.java:31)
	at sun.reflect.NativeMethodAccessorImpl.invoke0(Native Method)
	at sun.reflect.NativeMethodAccessorImpl.invoke(NativeMethodAccessorImpl.java:62)
	at sun.reflect.DelegatingMethodAccessorImpl.invoke(DelegatingMethodAccessorImpl.java:43)
	at java.lang.reflect.Method.invoke(Method.java:498)
	at org.apache.hadoop.util.RunJar.run(RunJar.java:323)
	at org.apache.hadoop.util.RunJar.main(RunJar.java:236)
Caused by: java.io.IOException: Input Pattern hdfs://localhost:9000/input/* matches 0 files
	at org.apache.hadoop.mapreduce.lib.input.FileInputFormat.singleThreadedListStatus(FileInputFormat.java:315)
	... 19 more
hadoop@cloudlab31-HP-280-G2-MT-Legacy:~/Desktop/Matrix$ hadoop jar '/home/hadoop/Desktop/Matrix/firstMatrix.jar' matrix_multiplication/MatrixMultiply /Input/* /Output
2023-10-10 12:43:59,649 INFO impl.MetricsConfig: Loaded properties from hadoop-metrics2.properties
2023-10-10 12:43:59,706 INFO impl.MetricsSystemImpl: Scheduled Metric snapshot period at 10 second(s).
2023-10-10 12:43:59,706 INFO impl.MetricsSystemImpl: JobTracker metrics system started
2023-10-10 12:43:59,824 WARN mapreduce.JobResourceUploader: Hadoop command-line option parsing not performed. Implement the Tool interface and execute your application with ToolRunner to remedy this.
2023-10-10 12:43:59,879 INFO mapreduce.JobSubmitter: Cleaning up the staging area file:/tmp/hadoop/mapred/staging/hadoop1712282975/.staging/job_local1712282975_0001
Exception in thread "main" org.apache.hadoop.mapreduce.lib.input.InvalidInputException: Input Pattern hdfs://localhost:9000/Input/* matches 0 files
	at org.apache.hadoop.mapreduce.lib.input.FileInputFormat.singleThreadedListStatus(FileInputFormat.java:340)
	at org.apache.hadoop.mapreduce.lib.input.FileInputFormat.listStatus(FileInputFormat.java:279)
	at org.apache.hadoop.mapreduce.lib.input.FileInputFormat.getSplits(FileInputFormat.java:404)
	at org.apache.hadoop.mapreduce.JobSubmitter.writeNewSplits(JobSubmitter.java:310)
	at org.apache.hadoop.mapreduce.JobSubmitter.writeSplits(JobSubmitter.java:327)
	at org.apache.hadoop.mapreduce.JobSubmitter.submitJobInternal(JobSubmitter.java:200)
	at org.apache.hadoop.mapreduce.Job$11.run(Job.java:1571)
	at org.apache.hadoop.mapreduce.Job$11.run(Job.java:1568)
	at java.security.AccessController.doPrivileged(Native Method)
	at javax.security.auth.Subject.doAs(Subject.java:422)
	at org.apache.hadoop.security.UserGroupInformation.doAs(UserGroupInformation.java:1878)
	at org.apache.hadoop.mapreduce.Job.submit(Job.java:1568)
	at org.apache.hadoop.mapreduce.Job.waitForCompletion(Job.java:1589)
	at matrix_multiplication.MatrixMultiply.main(MatrixMultiply.java:31)
	at sun.reflect.NativeMethodAccessorImpl.invoke0(Native Method)
	at sun.reflect.NativeMethodAccessorImpl.invoke(NativeMethodAccessorImpl.java:62)
	at sun.reflect.DelegatingMethodAccessorImpl.invoke(DelegatingMethodAccessorImpl.java:43)
	at java.lang.reflect.Method.invoke(Method.java:498)
	at org.apache.hadoop.util.RunJar.run(RunJar.java:323)
	at org.apache.hadoop.util.RunJar.main(RunJar.java:236)
Caused by: java.io.IOException: Input Pattern hdfs://localhost:9000/Input/* matches 0 files
	at org.apache.hadoop.mapreduce.lib.input.FileInputFormat.singleThreadedListStatus(FileInputFormat.java:315)
	... 19 more
hadoop@cloudlab31-HP-280-G2-MT-Legacy:~/Desktop/Matrix$ hadoop jar '/home/hadoop/Desktop/Matrix/firstMatrix.jar' matrix_multiplication/MatrixMultiply /Input/* /Output
2023-10-10 12:44:43,499 INFO impl.MetricsConfig: Loaded properties from hadoop-metrics2.properties
2023-10-10 12:44:43,557 INFO impl.MetricsSystemImpl: Scheduled Metric snapshot period at 10 second(s).
2023-10-10 12:44:43,557 INFO impl.MetricsSystemImpl: JobTracker metrics system started
2023-10-10 12:44:43,684 WARN mapreduce.JobResourceUploader: Hadoop command-line option parsing not performed. Implement the Tool interface and execute your application with ToolRunner to remedy this.
2023-10-10 12:44:43,735 INFO mapreduce.JobSubmitter: Cleaning up the staging area file:/tmp/hadoop/mapred/staging/hadoop452899781/.staging/job_local452899781_0001
Exception in thread "main" org.apache.hadoop.mapreduce.lib.input.InvalidInputException: Input Pattern hdfs://localhost:9000/Input/* matches 0 files
	at org.apache.hadoop.mapreduce.lib.input.FileInputFormat.singleThreadedListStatus(FileInputFormat.java:340)
	at org.apache.hadoop.mapreduce.lib.input.FileInputFormat.listStatus(FileInputFormat.java:279)
	at org.apache.hadoop.mapreduce.lib.input.FileInputFormat.getSplits(FileInputFormat.java:404)
	at org.apache.hadoop.mapreduce.JobSubmitter.writeNewSplits(JobSubmitter.java:310)
	at org.apache.hadoop.mapreduce.JobSubmitter.writeSplits(JobSubmitter.java:327)
	at org.apache.hadoop.mapreduce.JobSubmitter.submitJobInternal(JobSubmitter.java:200)
	at org.apache.hadoop.mapreduce.Job$11.run(Job.java:1571)
	at org.apache.hadoop.mapreduce.Job$11.run(Job.java:1568)
	at java.security.AccessController.doPrivileged(Native Method)
	at javax.security.auth.Subject.doAs(Subject.java:422)
	at org.apache.hadoop.security.UserGroupInformation.doAs(UserGroupInformation.java:1878)
	at org.apache.hadoop.mapreduce.Job.submit(Job.java:1568)
	at org.apache.hadoop.mapreduce.Job.waitForCompletion(Job.java:1589)
	at matrix_multiplication.MatrixMultiply.main(MatrixMultiply.java:31)
	at sun.reflect.NativeMethodAccessorImpl.invoke0(Native Method)
	at sun.reflect.NativeMethodAccessorImpl.invoke(NativeMethodAccessorImpl.java:62)
	at sun.reflect.DelegatingMethodAccessorImpl.invoke(DelegatingMethodAccessorImpl.java:43)
	at java.lang.reflect.Method.invoke(Method.java:498)
	at org.apache.hadoop.util.RunJar.run(RunJar.java:323)
	at org.apache.hadoop.util.RunJar.main(RunJar.java:236)
Caused by: java.io.IOException: Input Pattern hdfs://localhost:9000/Input/* matches 0 files
	at org.apache.hadoop.mapreduce.lib.input.FileInputFormat.singleThreadedListStatus(FileInputFormat.java:315)
	... 19 more
hadoop@cloudlab31-HP-280-G2-MT-Legacy:~/Desktop/Matrix$ hadoop jar '/home/hadoop/Desktop/Matrix/firstMatrix.jar' matrix_multiplication/MatrixMultiply /Input/* /Output
2023-10-10 12:46:27,380 INFO impl.MetricsConfig: Loaded properties from hadoop-metrics2.properties
2023-10-10 12:46:27,439 INFO impl.MetricsSystemImpl: Scheduled Metric snapshot period at 10 second(s).
2023-10-10 12:46:27,439 INFO impl.MetricsSystemImpl: JobTracker metrics system started
2023-10-10 12:46:27,562 WARN mapreduce.JobResourceUploader: Hadoop command-line option parsing not performed. Implement the Tool interface and execute your application with ToolRunner to remedy this.
2023-10-10 12:46:27,616 INFO mapreduce.JobSubmitter: Cleaning up the staging area file:/tmp/hadoop/mapred/staging/hadoop1633729807/.staging/job_local1633729807_0001
Exception in thread "main" org.apache.hadoop.mapreduce.lib.input.InvalidInputException: Input Pattern hdfs://localhost:9000/Input/* matches 0 files
	at org.apache.hadoop.mapreduce.lib.input.FileInputFormat.singleThreadedListStatus(FileInputFormat.java:340)
	at org.apache.hadoop.mapreduce.lib.input.FileInputFormat.listStatus(FileInputFormat.java:279)
	at org.apache.hadoop.mapreduce.lib.input.FileInputFormat.getSplits(FileInputFormat.java:404)
	at org.apache.hadoop.mapreduce.JobSubmitter.writeNewSplits(JobSubmitter.java:310)
	at org.apache.hadoop.mapreduce.JobSubmitter.writeSplits(JobSubmitter.java:327)
	at org.apache.hadoop.mapreduce.JobSubmitter.submitJobInternal(JobSubmitter.java:200)
	at org.apache.hadoop.mapreduce.Job$11.run(Job.java:1571)
	at org.apache.hadoop.mapreduce.Job$11.run(Job.java:1568)
	at java.security.AccessController.doPrivileged(Native Method)
	at javax.security.auth.Subject.doAs(Subject.java:422)
	at org.apache.hadoop.security.UserGroupInformation.doAs(UserGroupInformation.java:1878)
	at org.apache.hadoop.mapreduce.Job.submit(Job.java:1568)
	at org.apache.hadoop.mapreduce.Job.waitForCompletion(Job.java:1589)
	at matrix_multiplication.MatrixMultiply.main(MatrixMultiply.java:31)
	at sun.reflect.NativeMethodAccessorImpl.invoke0(Native Method)
	at sun.reflect.NativeMethodAccessorImpl.invoke(NativeMethodAccessorImpl.java:62)
	at sun.reflect.DelegatingMethodAccessorImpl.invoke(DelegatingMethodAccessorImpl.java:43)
	at java.lang.reflect.Method.invoke(Method.java:498)
	at org.apache.hadoop.util.RunJar.run(RunJar.java:323)
	at org.apache.hadoop.util.RunJar.main(RunJar.java:236)
Caused by: java.io.IOException: Input Pattern hdfs://localhost:9000/Input/* matches 0 files
	at org.apache.hadoop.mapreduce.lib.input.FileInputFormat.singleThreadedListStatus(FileInputFormat.java:315)
	... 19 more
hadoop@cloudlab31-HP-280-G2-MT-Legacy:~/Desktop/Matrix$ ^C
hadoop@cloudlab31-HP-280-G2-MT-Legacy:~/Desktop/Matrix$ hadoop jar '/home/hadoop/Desktop/Matrix/firstMatrix.jar' com.mapreduce.wc/MatrixMultiply /input/* /output^C
hadoop@cloudlab31-HP-280-G2-MT-Legacy:~/Desktop/Matrix$ 


